Need to install the following packages:
playwright@1.58.2
